Last login: Tue Oct 17 21:38:18 on ttys000
Chandans-Air:~ Chan07$ pwd
/Users/Chan07
Chandans-Air:~ Chan07$ ls
Applications		Library			checknew
DataScienceR		Movies			datasciencecoursera
Desktop			Music			eclipse
Documents		Pictures		lib
Downloads		Public			tech-interview-handbook
GitHub			addin.0
Chandans-Air:~ Chan07$ cd datasciencecoursera
Chandans-Air:datasciencecoursera Chan07$ ls
HelloWorld.md
Chandans-Air:datasciencecoursera Chan07$ git remote -v
origin	https://github.com/chanlehigh/coursera.git (fetch)
origin	https://github.com/chanlehigh/coursera.git (push)
Chandans-Air:datasciencecoursera Chan07$ git remote set-url origin https://github.com/chanlehigh/datasciencecoursera.git
Chandans-Air:datasciencecoursera Chan07$ git remote -v
origin	https://github.com/chanlehigh/datasciencecoursera.git (fetch)
origin	https://github.com/chanlehigh/datasciencecoursera.git (push)
Chandans-Air:datasciencecoursera Chan07$ git remote add origin https://github.com/chanlehigh/datasciencecoursera.git
fatal: remote origin already exists.
Chandans-Air:datasciencecoursera Chan07$ git remote -v
origin	https://github.com/chanlehigh/datasciencecoursera.git (fetch)
origin	https://github.com/chanlehigh/datasciencecoursera.git (push)
Chandans-Air:datasciencecoursera Chan07$ pwd
/Users/Chan07/datasciencecoursera
Chandans-Air:datasciencecoursera Chan07$ git add .
Chandans-Air:datasciencecoursera Chan07$ git commit -m "Adding HelloWorld File"
On branch master
nothing to commit, working tree clean
Chandans-Air:datasciencecoursera Chan07$ git push
fatal: The current branch master has no upstream branch.
To push the current branch and set the remote as upstream, use

    git push --set-upstream origin master

Chandans-Air:datasciencecoursera Chan07$ git push --set-upstream origin master
To https://github.com/chanlehigh/datasciencecoursera.git
 ! [rejected]        master -> master (fetch first)
error: failed to push some refs to 'https://github.com/chanlehigh/datasciencecoursera.git'
hint: Updates were rejected because the remote contains work that you do
hint: not have locally. This is usually caused by another repository pushing
hint: to the same ref. You may want to first integrate the remote changes
hint: (e.g., 'git pull ...') before pushing again.
hint: See the 'Note about fast-forwards' in 'git push --help' for details.
Chandans-Air:datasciencecoursera Chan07$ git pull
warning: no common commits
remote: Counting objects: 3, done.
remote: Compressing objects: 100% (2/2), done.
remote: Total 3 (delta 0), reused 0 (delta 0), pack-reused 0
Unpacking objects: 100% (3/3), done.
From https://github.com/chanlehigh/datasciencecoursera
 * [new branch]      master     -> origin/master
There is no tracking information for the current branch.
Please specify which branch you want to merge with.
See git-pull(1) for details.

    git pull <remote> <branch>

If you wish to set tracking information for this branch you can do so with:

    git branch --set-upstream-to=origin/<branch> master

Chandans-Air:datasciencecoursera Chan07$ git branch
* master
Chandans-Air:datasciencecoursera Chan07$ git push
fatal: The current branch master has no upstream branch.
To push the current branch and set the remote as upstream, use

    git push --set-upstream origin master

Chandans-Air:datasciencecoursera Chan07$ git push -u origin master
To https://github.com/chanlehigh/datasciencecoursera.git
 ! [rejected]        master -> master (non-fast-forward)
error: failed to push some refs to 'https://github.com/chanlehigh/datasciencecoursera.git'
hint: Updates were rejected because the tip of your current branch is behind
hint: its remote counterpart. Integrate the remote changes (e.g.
hint: 'git pull ...') before pushing again.
hint: See the 'Note about fast-forwards' in 'git push --help' for details.
Chandans-Air:datasciencecoursera Chan07$ git pull origin master
From https://github.com/chanlehigh/datasciencecoursera
 * branch            master     -> FETCH_HEAD
fatal: refusing to merge unrelated histories
Chandans-Air:datasciencecoursera Chan07$ git push origin master
To https://github.com/chanlehigh/datasciencecoursera.git
 ! [rejected]        master -> master (non-fast-forward)
error: failed to push some refs to 'https://github.com/chanlehigh/datasciencecoursera.git'
hint: Updates were rejected because the tip of your current branch is behind
hint: its remote counterpart. Integrate the remote changes (e.g.
hint: 'git pull ...') before pushing again.
hint: See the 'Note about fast-forwards' in 'git push --help' for details.
Chandans-Air:datasciencecoursera Chan07$ git pull rebase https://github.com/chanlehigh/datasciencecoursera.git
fatal: Invalid refspec 'https://github.com/chanlehigh/datasciencecoursera.git'
Chandans-Air:datasciencecoursera Chan07$ git pull --rebase https://github.com/chanlehigh/datasciencecoursera.git
From https://github.com/chanlehigh/datasciencecoursera
 * branch            HEAD       -> FETCH_HEAD
First, rewinding head to replay your work on top of it...
Applying: Added the HelloWorld File
Chandans-Air:datasciencecoursera Chan07$ git push origin master
Counting objects: 3, done.
Delta compression using up to 4 threads.
Compressing objects: 100% (2/2), done.
Writing objects: 100% (3/3), 300 bytes | 150.00 KiB/s, done.
Total 3 (delta 0), reused 0 (delta 0)
To https://github.com/chanlehigh/datasciencecoursera.git
   41c92a7..31255ad  master -> master
Chandans-Air:datasciencecoursera Chan07$ 
